../Core/Src/oled.c:25:13:OLED_Send	24	static
../Core/Src/oled.c:34:13:OLED_SendCmd	24	static
../Core/Src/oled.c:46:6:OLED_Init	8	static
../Core/Src/oled.c:85:6:OLED_DisPlay_On	8	static
../Core/Src/oled.c:95:6:OLED_DisPlay_Off	8	static
../Core/Src/oled.c:106:6:OLED_SetColorMode	16	static
../Core/Src/oled.c:123:6:OLED_NewFrame	8	static
../Core/Src/oled.c:132:6:OLED_ShowFrame	144	static
../Core/Src/oled.c:153:6:OLED_SetPixel	16	static
../Core/Src/oled.c:177:13:OLED_SetByte	16	static
../Core/Src/oled.c:202:13:OLED_SetBlock	24	static
../Core/Src/oled.c:225:6:OLED_DrawLine	40	static
../Core/Src/oled.c:258:6:OLED_DrawRectangle	32	static
../Core/Src/oled.c:269:6:OLED_DrawFilledRectangle	40	static
../Core/Src/oled.c:280:6:OLED_DrawTriangle	32	static
../Core/Src/oled.c:291:6:OLED_DrawFilledTriangle	48	static
../Core/Src/oled.c:347:6:OLED_DrawCircle	32	static
../Core/Src/oled.c:380:6:OLED_DrawFilledCircle	40	static
../Core/Src/oled.c:409:6:OLED_DrawEllipse	48	static
../Core/Src/oled.c:460:6:OLED_DrawImage	32	static
../Core/Src/oled.c:475:6:OLED_PrintASCIIChar	40	static
../Core/Src/oled.c:489:6:OLED_PrintASCIIString	32	static
../Core/Src/oled.c:502:16:OLED_GetUTF8Len	16	static
../Core/Src/oled.c:528:6:OLED_PrintString	56	static
